// Jest Snapshot v1, https://goo.gl/fbAQLP

exports[`Select renders correctly 1`] = `
<select
  className="Select Select_controlSize_m"
  disabled={false}
  id="country"
  name="country"
>
  <option
    value=""
  >
    Not Selected
  </option>
  <option
    value="CA"
  >
    Canada
  </option>
  <option
    value="US"
  >
    United States
  </option>
</select>
`;
