// Jest Snapshot v1, https://goo.gl/fbAQLP

exports[`Checkbox renders correctly 1`] = `
<span
  className="Checkbox Checkbox_controlSize_m Checkbox_checked"
>
  <input
    checked={true}
    className="Checkbox-Control"
    onChange={[Function]}
    type="checkbox"
  />
  <span
    className="Checkbox-Checkmark Checkbox-Checkmark_controlSize_m"
  />
</span>
`;
