// Jest Snapshot v1, https://goo.gl/fbAQLP

exports[`Input renders correctly 1`] = `
<div
  className="Input Input_controlSize_m"
>
  <div
    className="Input-ControlWrapper"
  >
    <input
      className="Input-Control"
      id="firstName"
      name="firstName"
      type="text"
    />
  </div>
</div>
`;
